// Jest Snapshot v1, https://goo.gl/fbAQLP

exports[`renders the component 1`] = `
<div
  style={
    Object {
      "background": "#FFFFFF",
      "height": 400,
      "maxWidth": 1200,
      "width": "100%",
    }
  }
>
  <Memo([object Object])
    columns={Array []}
    pageSize={15}
    rows={Array []}
  />
</div>
`;
